GET /guard.html HTTP/1.1
Host: 127.73.73.7:7681
User-Agent: Mozilla/5.0 (X11; Ubuntu; Linux x86_64; rv:109.0) Gecko/20100101 Firefox/119.0
Accept: text/html,application/xhtml+xml,application/xml;q=0.9,image/avif,image/webp,*/*;q=0.8
Accept-Language: en-US,en;q=0.5
Accept-Encoding: gzip, deflate, br
Connection: keep-alive
Referer: http://127.73.73.7:7681/service.html
Upgrade-Insecure-Requests: 1
Sec-Fetch-Dest: document
Sec-Fetch-Mode: navigate
Sec-Fetch-Site: same-origin
Sec-Fetch-User: ?1


GET /css/bootstrap.css HTTP/1.1
Host: 127.73.73.7:7681
User-Agent: Mozilla/5.0 (X11; Ubuntu; Linux x86_64; rv:109.0) Gecko/20100101 Firefox/119.0
Accept: text/css,*/*;q=0.1
Accept-Language: en-US,en;q=0.5
Accept-Encoding: gzip, deflate, br
Connection: keep-alive
Referer: http://127.73.73.7:7681/guard.html
Sec-Fetch-Dest: style
Sec-Fetch-Mode: no-cors
Sec-Fetch-Site: same-origin


GET /css/style.css HTTP/1.1
Host: 127.73.73.7:7681
User-Agent: Mozilla/5.0 (X11; Ubuntu; Linux x86_64; rv:109.0) Gecko/20100101 Firefox/119.0
Accept: text/css,*/*;q=0.1
Accept-Language: en-US,en;q=0.5
Accept-Encoding: gzip, deflate, br
Connection: keep-alive
Referer: http://127.73.73.7:7681/guard.html
Sec-Fetch-Dest: style
Sec-Fetch-Mode: no-cors
Sec-Fetch-Site: same-origin


GET /js/bootstrap.js HTTP/1.1
Host: 127.73.73.7:7681
User-Agent: Mozilla/5.0 (X11; Ubuntu; Linux x86_64; rv:109.0) Gecko/20100101 Firefox/119.0
Accept: */*
Accept-Language: en-US,en;q=0.5
Accept-Encoding: gzip, deflate, br
Connection: keep-alive
Referer: http://127.73.73.7:7681/guard.html
Sec-Fetch-Dest: script
Sec-Fetch-Mode: no-cors
Sec-Fetch-Site: same-origin


GET /css/responsive.css HTTP/1.1
Host: 127.73.73.7:7681
User-Agent: Mozilla/5.0 (X11; Ubuntu; Linux x86_64; rv:109.0) Gecko/20100101 Firefox/119.0
Accept: text/css,*/*;q=0.1
Accept-Language: en-US,en;q=0.5
Accept-Encoding: gzip, deflate, br
Connection: keep-alive
Referer: http://127.73.73.7:7681/guard.html
Sec-Fetch-Dest: style
Sec-Fetch-Mode: no-cors
Sec-Fetch-Site: same-origin


GET /css/font-awesome.min.css HTTP/1.1
Host: 127.73.73.7:7681
User-Agent: Mozilla/5.0 (X11; Ubuntu; Linux x86_64; rv:109.0) Gecko/20100101 Firefox/119.0
Accept: text/css,*/*;q=0.1
Accept-Language: en-US,en;q=0.5
Accept-Encoding: gzip, deflate, br
Connection: keep-alive
Referer: http://127.73.73.7:7681/css/style.css
Sec-Fetch-Dest: style
Sec-Fetch-Mode: no-cors
Sec-Fetch-Site: same-origin


GET /js/jquery-3.4.1.min.js HTTP/1.1
Host: 127.73.73.7:7681
User-Agent: Mozilla/5.0 (X11; Ubuntu; Linux x86_64; rv:109.0) Gecko/20100101 Firefox/119.0
Accept: */*
Accept-Language: en-US,en;q=0.5
Accept-Encoding: gzip, deflate, br
Connection: keep-alive
Referer: http://127.73.73.7:7681/guard.html
Sec-Fetch-Dest: script
Sec-Fetch-Mode: no-cors
Sec-Fetch-Site: same-origin


GET /images/hero-bg.jpg HTTP/1.1
Host: 127.73.73.7:7681
User-Agent: Mozilla/5.0 (X11; Ubuntu; Linux x86_64; rv:109.0) Gecko/20100101 Firefox/119.0
Accept: image/avif,image/webp,*/*
Accept-Language: en-US,en;q=0.5
Accept-Encoding: gzip, deflate, br
Connection: keep-alive
Referer: http://127.73.73.7:7681/guard.html
Sec-Fetch-Dest: image
Sec-Fetch-Mode: no-cors
Sec-Fetch-Site: same-origin


GET /js/custom.js HTTP/1.1
Host: 127.73.73.7:7681
User-Agent: Mozilla/5.0 (X11; Ubuntu; Linux x86_64; rv:109.0) Gecko/20100101 Firefox/119.0
Accept: */*
Accept-Language: en-US,en;q=0.5
Accept-Encoding: gzip, deflate, br
Connection: keep-alive
Referer: http://127.73.73.7:7681/guard.html
Sec-Fetch-Dest: script
Sec-Fetch-Mode: no-cors
Sec-Fetch-Site: same-origin


GET /cgi-bin/gallery.py HTTP/1.1
Host: 127.73.73.7:7681
User-Agent: Mozilla/5.0 (X11; Ubuntu; Linux x86_64; rv:109.0) Gecko/20100101 Firefox/119.0
Accept: */*
Accept-Language: en-US,en;q=0.5
Accept-Encoding: gzip, deflate, br
Connection: keep-alive
Referer: http://127.73.73.7:7681/guard.html
Sec-Fetch-Dest: empty
Sec-Fetch-Mode: cors
Sec-Fetch-Site: same-origin


GET /service.html HTTP/1.1
Host: 127.73.73.7:7681
User-Agent: Mozilla/5.0 (X11; Ubuntu; Linux x86_64; rv:109.0) Gecko/20100101 Firefox/119.0
Accept: text/html,application/xhtml+xml,application/xml;q=0.9,image/avif,image/webp,*/*;q=0.8
Accept-Language: en-US,en;q=0.5
Accept-Encoding: gzip, deflate, br
Connection: keep-alive
Referer: http://127.73.73.7:7681/guard.html
Upgrade-Insecure-Requests: 1
Sec-Fetch-Dest: document
Sec-Fetch-Mode: navigate
Sec-Fetch-Site: same-origin
Sec-Fetch-User: ?1


GET /css/bootstrap.css HTTP/1.1
Host: 127.73.73.7:7681
User-Agent: Mozilla/5.0 (X11; Ubuntu; Linux x86_64; rv:109.0) Gecko/20100101 Firefox/119.0
Accept: text/css,*/*;q=0.1
Accept-Language: en-US,en;q=0.5
Accept-Encoding: gzip, deflate, br
Connection: keep-alive
Referer: http://127.73.73.7:7681/service.html
Sec-Fetch-Dest: style
Sec-Fetch-Mode: no-cors
Sec-Fetch-Site: same-origin


GET /css/style.css HTTP/1.1
Host: 127.73.73.7:7681
User-Agent: Mozilla/5.0 (X11; Ubuntu; Linux x86_64; rv:109.0) Gecko/20100101 Firefox/119.0
Accept: text/css,*/*;q=0.1
Accept-Language: en-US,en;q=0.5
Accept-Encoding: gzip, deflate, br
Connection: keep-alive
Referer: http://127.73.73.7:7681/service.html
Sec-Fetch-Dest: style
Sec-Fetch-Mode: no-cors
Sec-Fetch-Site: same-origin


GET /js/jquery-3.4.1.min.js HTTP/1.1
Host: 127.73.73.7:7681
User-Agent: Mozilla/5.0 (X11; Ubuntu; Linux x86_64; rv:109.0) Gecko/20100101 Firefox/119.0
Accept: */*
Accept-Language: en-US,en;q=0.5
Accept-Encoding: gzip, deflate, br
Connection: keep-alive
Referer: http://127.73.73.7:7681/service.html
Sec-Fetch-Dest: script
Sec-Fetch-Mode: no-cors
Sec-Fetch-Site: same-origin


GET /js/custom.js HTTP/1.1
Host: 127.73.73.7:7681
User-Agent: Mozilla/5.0 (X11; Ubuntu; Linux x86_64; rv:109.0) Gecko/20100101 Firefox/119.0
Accept: */*
Accept-Language: en-US,en;q=0.5
Accept-Encoding: gzip, deflate, br
Connection: keep-alive
Referer: http://127.73.73.7:7681/service.html
Sec-Fetch-Dest: script
Sec-Fetch-Mode: no-cors
Sec-Fetch-Site: same-origin


GET /css/responsive.css HTTP/1.1
Host: 127.73.73.7:7681
User-Agent: Mozilla/5.0 (X11; Ubuntu; Linux x86_64; rv:109.0) Gecko/20100101 Firefox/119.0
Accept: text/css,*/*;q=0.1
Accept-Language: en-US,en;q=0.5
Accept-Encoding: gzip, deflate, br
Connection: keep-alive
Referer: http://127.73.73.7:7681/service.html
Sec-Fetch-Dest: style
Sec-Fetch-Mode: no-cors
Sec-Fetch-Site: same-origin


GET /js/bootstrap.js HTTP/1.1
Host: 127.73.73.7:7681
User-Agent: Mozilla/5.0 (X11; Ubuntu; Linux x86_64; rv:109.0) Gecko/20100101 Firefox/119.0
Accept: */*
Accept-Language: en-US,en;q=0.5
Accept-Encoding: gzip, deflate, br
Connection: keep-alive
Referer: http://127.73.73.7:7681/service.html
Sec-Fetch-Dest: script
Sec-Fetch-Mode: no-cors
Sec-Fetch-Site: same-origin


GET /images/hero-bg.jpg HTTP/1.1
Host: 127.73.73.7:7681
User-Agent: Mozilla/5.0 (X11; Ubuntu; Linux x86_64; rv:109.0) Gecko/20100101 Firefox/119.0
Accept: image/avif,image/webp,*/*
Accept-Language: en-US,en;q=0.5
Accept-Encoding: gzip, deflate, br
Connection: keep-alive
Referer: http://127.73.73.7:7681/service.html
Sec-Fetch-Dest: image
Sec-Fetch-Mode: no-cors
Sec-Fetch-Site: same-origin


GET /css/font-awesome.min.css HTTP/1.1
Host: 127.73.73.7:7681
User-Agent: Mozilla/5.0 (X11; Ubuntu; Linux x86_64; rv:109.0) Gecko/20100101 Firefox/119.0
Accept: text/css,*/*;q=0.1
Accept-Language: en-US,en;q=0.5
Accept-Encoding: gzip, deflate, br
Connection: keep-alive
Referer: http://127.73.73.7:7681/css/style.css
Sec-Fetch-Dest: style
Sec-Fetch-Mode: no-cors
Sec-Fetch-Site: same-origin


GET /about.html HTTP/1.1
Host: 127.73.73.7:7681
User-Agent: Mozilla/5.0 (X11; Ubuntu; Linux x86_64; rv:109.0) Gecko/20100101 Firefox/119.0
Accept: text/html,application/xhtml+xml,application/xml;q=0.9,image/avif,image/webp,*/*;q=0.8
Accept-Language: en-US,en;q=0.5
Accept-Encoding: gzip, deflate, br
Connection: keep-alive
Referer: http://127.73.73.7:7681/service.html
Upgrade-Insecure-Requests: 1
Sec-Fetch-Dest: document
Sec-Fetch-Mode: navigate
Sec-Fetch-Site: same-origin
Sec-Fetch-User: ?1


GET /css/bootstrap.css HTTP/1.1
Host: 127.73.73.7:7681
User-Agent: Mozilla/5.0 (X11; Ubuntu; Linux x86_64; rv:109.0) Gecko/20100101 Firefox/119.0
Accept: text/css,*/*;q=0.1
Accept-Language: en-US,en;q=0.5
Accept-Encoding: gzip, deflate, br
Connection: keep-alive
Referer: http://127.73.73.7:7681/about.html
Sec-Fetch-Dest: style
Sec-Fetch-Mode: no-cors
Sec-Fetch-Site: same-origin


GET /css/style.css HTTP/1.1
Host: 127.73.73.7:7681
User-Agent: Mozilla/5.0 (X11; Ubuntu; Linux x86_64; rv:109.0) Gecko/20100101 Firefox/119.0
Accept: text/css,*/*;q=0.1
Accept-Language: en-US,en;q=0.5
Accept-Encoding: gzip, deflate, br
Connection: keep-alive
Referer: http://127.73.73.7:7681/about.html
Sec-Fetch-Dest: style
Sec-Fetch-Mode: no-cors
Sec-Fetch-Site: same-origin


GET /css/responsive.css HTTP/1.1
Host: 127.73.73.7:7681
User-Agent: Mozilla/5.0 (X11; Ubuntu; Linux x86_64; rv:109.0) Gecko/20100101 Firefox/119.0
Accept: text/css,*/*;q=0.1
Accept-Language: en-US,en;q=0.5
Accept-Encoding: gzip, deflate, br
Connection: keep-alive
Referer: http://127.73.73.7:7681/about.html
Sec-Fetch-Dest: style
Sec-Fetch-Mode: no-cors
Sec-Fetch-Site: same-origin


GET /images/about-img.jpg HTTP/1.1
Host: 127.73.73.7:7681
User-Agent: Mozilla/5.0 (X11; Ubuntu; Linux x86_64; rv:109.0) Gecko/20100101 Firefox/119.0
Accept: image/avif,image/webp,*/*
Accept-Language: en-US,en;q=0.5
Accept-Encoding: gzip, deflate, br
Connection: keep-alive
Referer: http://127.73.73.7:7681/about.html
Sec-Fetch-Dest: image
Sec-Fetch-Mode: no-cors
Sec-Fetch-Site: same-origin


GET /js/jquery-3.4.1.min.js HTTP/1.1
Host: 127.73.73.7:7681
User-Agent: Mozilla/5.0 (X11; Ubuntu; Linux x86_64; rv:109.0) Gecko/20100101 Firefox/119.0
Accept: */*
Accept-Language: en-US,en;q=0.5
Accept-Encoding: gzip, deflate, br
Connection: keep-alive
Referer: http://127.73.73.7:7681/about.html
Sec-Fetch-Dest: script
Sec-Fetch-Mode: no-cors
Sec-Fetch-Site: same-origin


GET /js/bootstrap.js HTTP/1.1
Host: 127.73.73.7:7681
User-Agent: Mozilla/5.0 (X11; Ubuntu; Linux x86_64; rv:109.0) Gecko/20100101 Firefox/119.0
Accept: */*
Accept-Language: en-US,en;q=0.5
Accept-Encoding: gzip, deflate, br
Connection: keep-alive
Referer: http://127.73.73.7:7681/about.html
Sec-Fetch-Dest: script
Sec-Fetch-Mode: no-cors
Sec-Fetch-Site: same-origin


GET /js/custom.js HTTP/1.1
Host: 127.73.73.7:7681
User-Agent: Mozilla/5.0 (X11; Ubuntu; Linux x86_64; rv:109.0) Gecko/20100101 Firefox/119.0
Accept: */*
Accept-Language: en-US,en;q=0.5
Accept-Encoding: gzip, deflate, br
Connection: keep-alive
Referer: http://127.73.73.7:7681/about.html
Sec-Fetch-Dest: script
Sec-Fetch-Mode: no-cors
Sec-Fetch-Site: same-origin


GET /images/hero-bg.jpg HTTP/1.1
Host: 127.73.73.7:7681
User-Agent: Mozilla/5.0 (X11; Ubuntu; Linux x86_64; rv:109.0) Gecko/20100101 Firefox/119.0
Accept: image/avif,image/webp,*/*
Accept-Language: en-US,en;q=0.5
Accept-Encoding: gzip, deflate, br
Connection: keep-alive
Referer: http://127.73.73.7:7681/about.html
Sec-Fetch-Dest: image
Sec-Fetch-Mode: no-cors
Sec-Fetch-Site: same-origin


GET /css/font-awesome.min.css HTTP/1.1
Host: 127.73.73.7:7681
User-Agent: Mozilla/5.0 (X11; Ubuntu; Linux x86_64; rv:109.0) Gecko/20100101 Firefox/119.0
Accept: text/css,*/*;q=0.1
Accept-Language: en-US,en;q=0.5
Accept-Encoding: gzip, deflate, br
Connection: keep-alive
Referer: http://127.73.73.7:7681/css/style.css
Sec-Fetch-Dest: style
Sec-Fetch-Mode: no-cors
Sec-Fetch-Site: same-origin


GET /index.html HTTP/1.1
Host: 127.73.73.7:7681
User-Agent: Mozilla/5.0 (X11; Ubuntu; Linux x86_64; rv:109.0) Gecko/20100101 Firefox/119.0
Accept: text/html,application/xhtml+xml,application/xml;q=0.9,image/avif,image/webp,*/*;q=0.8
Accept-Language: en-US,en;q=0.5
Accept-Encoding: gzip, deflate, br
Connection: keep-alive
Referer: http://127.73.73.7:7681/about.html
Upgrade-Insecure-Requests: 1
Sec-Fetch-Dest: document
Sec-Fetch-Mode: navigate
Sec-Fetch-Site: same-origin
Sec-Fetch-User: ?1


GET /css/bootstrap.css HTTP/1.1
Host: 127.73.73.7:7681
User-Agent: Mozilla/5.0 (X11; Ubuntu; Linux x86_64; rv:109.0) Gecko/20100101 Firefox/119.0
Accept: text/css,*/*;q=0.1
Accept-Language: en-US,en;q=0.5
Accept-Encoding: gzip, deflate, br
Connection: keep-alive
Referer: http://127.73.73.7:7681/index.html
Sec-Fetch-Dest: style
Sec-Fetch-Mode: no-cors
Sec-Fetch-Site: same-origin


GET /css/responsive.css HTTP/1.1
Host: 127.73.73.7:7681
User-Agent: Mozilla/5.0 (X11; Ubuntu; Linux x86_64; rv:109.0) Gecko/20100101 Firefox/119.0
Accept: text/css,*/*;q=0.1
Accept-Language: en-US,en;q=0.5
Accept-Encoding: gzip, deflate, br
Connection: keep-alive
Referer: http://127.73.73.7:7681/index.html
Sec-Fetch-Dest: style
Sec-Fetch-Mode: no-cors
Sec-Fetch-Site: same-origin


GET /css/style.css HTTP/1.1
Host: 127.73.73.7:7681
User-Agent: Mozilla/5.0 (X11; Ubuntu; Linux x86_64; rv:109.0) Gecko/20100101 Firefox/119.0
Accept: text/css,*/*;q=0.1
Accept-Language: en-US,en;q=0.5
Accept-Encoding: gzip, deflate, br
Connection: keep-alive
Referer: http://127.73.73.7:7681/index.html
Sec-Fetch-Dest: style
Sec-Fetch-Mode: no-cors
Sec-Fetch-Site: same-origin


GET /js/jquery-3.4.1.min.js HTTP/1.1
Host: 127.73.73.7:7681
User-Agent: Mozilla/5.0 (X11; Ubuntu; Linux x86_64; rv:109.0) Gecko/20100101 Firefox/119.0
Accept: */*
Accept-Language: en-US,en;q=0.5
Accept-Encoding: gzip, deflate, br
Connection: keep-alive
Referer: http://127.73.73.7:7681/index.html
Sec-Fetch-Dest: script
Sec-Fetch-Mode: no-cors
Sec-Fetch-Site: same-origin


GET /js/bootstrap.js HTTP/1.1
Host: 127.73.73.7:7681
User-Agent: Mozilla/5.0 (X11; Ubuntu; Linux x86_64; rv:109.0) Gecko/20100101 Firefox/119.0
Accept: */*
Accept-Language: en-US,en;q=0.5
Accept-Encoding: gzip, deflate, br
Connection: keep-alive
Referer: http://127.73.73.7:7681/index.html
Sec-Fetch-Dest: script
Sec-Fetch-Mode: no-cors
Sec-Fetch-Site: same-origin


GET /js/custom.js HTTP/1.1
Host: 127.73.73.7:7681
User-Agent: Mozilla/5.0 (X11; Ubuntu; Linux x86_64; rv:109.0) Gecko/20100101 Firefox/119.0
Accept: */*
Accept-Language: en-US,en;q=0.5
Accept-Encoding: gzip, deflate, br
Connection: keep-alive
Referer: http://127.73.73.7:7681/index.html
Sec-Fetch-Dest: script
Sec-Fetch-Mode: no-cors
Sec-Fetch-Site: same-origin


GET /images/about-img.jpg HTTP/1.1
Host: 127.73.73.7:7681
User-Agent: Mozilla/5.0 (X11; Ubuntu; Linux x86_64; rv:109.0) Gecko/20100101 Firefox/119.0
Accept: image/avif,image/webp,*/*
Accept-Language: en-US,en;q=0.5
Accept-Encoding: gzip, deflate, br
Connection: keep-alive
Referer: http://127.73.73.7:7681/index.html
Sec-Fetch-Dest: image
Sec-Fetch-Mode: no-cors
Sec-Fetch-Site: same-origin


GET /images/contact-bg.jpg HTTP/1.1
Host: 127.73.73.7:7681
User-Agent: Mozilla/5.0 (X11; Ubuntu; Linux x86_64; rv:109.0) Gecko/20100101 Firefox/119.0
Accept: image/avif,image/webp,*/*
Accept-Language: en-US,en;q=0.5
Accept-Encoding: gzip, deflate, br
Connection: keep-alive
Referer: http://127.73.73.7:7681/index.html
Sec-Fetch-Dest: image
Sec-Fetch-Mode: no-cors
Sec-Fetch-Site: same-origin


GET /images/hero-bg.jpg HTTP/1.1
Host: 127.73.73.7:7681
User-Agent: Mozilla/5.0 (X11; Ubuntu; Linux x86_64; rv:109.0) Gecko/20100101 Firefox/119.0
Accept: image/avif,image/webp,*/*
Accept-Language: en-US,en;q=0.5
Accept-Encoding: gzip, deflate, br
Connection: keep-alive
Referer: http://127.73.73.7:7681/index.html
Sec-Fetch-Dest: image
Sec-Fetch-Mode: no-cors
Sec-Fetch-Site: same-origin


GET /images/client.png HTTP/1.1
Host: 127.73.73.7:7681
User-Agent: Mozilla/5.0 (X11; Ubuntu; Linux x86_64; rv:109.0) Gecko/20100101 Firefox/119.0
Accept: image/avif,image/webp,*/*
Accept-Language: en-US,en;q=0.5
Accept-Encoding: gzip, deflate, br
Connection: keep-alive
Referer: http://127.73.73.7:7681/index.html
Sec-Fetch-Dest: image
Sec-Fetch-Mode: no-cors
Sec-Fetch-Site: same-origin


GET /images/dcella-d.jpg HTTP/1.1
Host: 127.73.73.7:7681
User-Agent: Mozilla/5.0 (X11; Ubuntu; Linux x86_64; rv:109.0) Gecko/20100101 Firefox/119.0
Accept: image/avif,image/webp,*/*
Accept-Language: en-US,en;q=0.5
Accept-Encoding: gzip, deflate, br
Connection: keep-alive
Referer: http://127.73.73.7:7681/index.html
Sec-Fetch-Dest: image
Sec-Fetch-Mode: no-cors
Sec-Fetch-Site: same-origin


GET /images/jaiveca-.jpg HTTP/1.1
Host: 127.73.73.7:7681
User-Agent: Mozilla/5.0 (X11; Ubuntu; Linux x86_64; rv:109.0) Gecko/20100101 Firefox/119.0
Accept: image/avif,image/webp,*/*
Accept-Language: en-US,en;q=0.5
Accept-Encoding: gzip, deflate, br
Connection: keep-alive
Referer: http://127.73.73.7:7681/index.html
Sec-Fetch-Dest: image
Sec-Fetch-Mode: no-cors
Sec-Fetch-Site: same-origin


GET /images/mstiedl.jpg HTTP/1.1
Host: 127.73.73.7:7681
User-Agent: Mozilla/5.0 (X11; Ubuntu; Linux x86_64; rv:109.0) Gecko/20100101 Firefox/119.0
Accept: image/avif,image/webp,*/*
Accept-Language: en-US,en;q=0.5
Accept-Encoding: gzip, deflate, br
Connection: keep-alive
Referer: http://127.73.73.7:7681/index.html
Sec-Fetch-Dest: image
Sec-Fetch-Mode: no-cors
Sec-Fetch-Site: same-origin


GET /css/font-awesome.min.css HTTP/1.1
Host: 127.73.73.7:7681
User-Agent: Mozilla/5.0 (X11; Ubuntu; Linux x86_64; rv:109.0) Gecko/20100101 Firefox/119.0
Accept: text/css,*/*;q=0.1
Accept-Language: en-US,en;q=0.5
Accept-Encoding: gzip, deflate, br
Connection: keep-alive
Referer: http://127.73.73.7:7681/css/style.css
Sec-Fetch-Dest: style
Sec-Fetch-Mode: no-cors
Sec-Fetch-Site: same-origin


GET /about.html HTTP/1.1
Host: 127.73.73.7:7681
User-Agent: Mozilla/5.0 (X11; Ubuntu; Linux x86_64; rv:109.0) Gecko/20100101 Firefox/119.0
Accept: text/html,application/xhtml+xml,application/xml;q=0.9,image/avif,image/webp,*/*;q=0.8
Accept-Language: en-US,en;q=0.5
Accept-Encoding: gzip, deflate, br
Connection: keep-alive
Referer: http://127.73.73.7:7681/index.html
Upgrade-Insecure-Requests: 1
Sec-Fetch-Dest: document
Sec-Fetch-Mode: navigate
Sec-Fetch-Site: same-origin
Sec-Fetch-User: ?1


GET /css/bootstrap.css HTTP/1.1
Host: 127.73.73.7:7681
User-Agent: Mozilla/5.0 (X11; Ubuntu; Linux x86_64; rv:109.0) Gecko/20100101 Firefox/119.0
Accept: text/css,*/*;q=0.1
Accept-Language: en-US,en;q=0.5
Accept-Encoding: gzip, deflate, br
Connection: keep-alive
Referer: http://127.73.73.7:7681/about.html
Sec-Fetch-Dest: style
Sec-Fetch-Mode: no-cors
Sec-Fetch-Site: same-origin


GET /css/style.css HTTP/1.1
Host: 127.73.73.7:7681
User-Agent: Mozilla/5.0 (X11; Ubuntu; Linux x86_64; rv:109.0) Gecko/20100101 Firefox/119.0
Accept: text/css,*/*;q=0.1
Accept-Language: en-US,en;q=0.5
Accept-Encoding: gzip, deflate, br
Connection: keep-alive
Referer: http://127.73.73.7:7681/about.html
Sec-Fetch-Dest: style
Sec-Fetch-Mode: no-cors
Sec-Fetch-Site: same-origin


GET /css/responsive.css HTTP/1.1
Host: 127.73.73.7:7681
User-Agent: Mozilla/5.0 (X11; Ubuntu; Linux x86_64; rv:109.0) Gecko/20100101 Firefox/119.0
Accept: text/css,*/*;q=0.1
Accept-Language: en-US,en;q=0.5
Accept-Encoding: gzip, deflate, br
Connection: keep-alive
Referer: http://127.73.73.7:7681/about.html
Sec-Fetch-Dest: style
Sec-Fetch-Mode: no-cors
Sec-Fetch-Site: same-origin


GET /js/jquery-3.4.1.min.js HTTP/1.1
Host: 127.73.73.7:7681
User-Agent: Mozilla/5.0 (X11; Ubuntu; Linux x86_64; rv:109.0) Gecko/20100101 Firefox/119.0
Accept: */*
Accept-Language: en-US,en;q=0.5
Accept-Encoding: gzip, deflate, br
Connection: keep-alive
Referer: http://127.73.73.7:7681/about.html
Sec-Fetch-Dest: script
Sec-Fetch-Mode: no-cors
Sec-Fetch-Site: same-origin


GET /images/hero-bg.jpg HTTP/1.1
Host: 127.73.73.7:7681
User-Agent: Mozilla/5.0 (X11; Ubuntu; Linux x86_64; rv:109.0) Gecko/20100101 Firefox/119.0
Accept: image/avif,image/webp,*/*
Accept-Language: en-US,en;q=0.5
Accept-Encoding: gzip, deflate, br
Connection: keep-alive
Referer: http://127.73.73.7:7681/about.html
Sec-Fetch-Dest: image
Sec-Fetch-Mode: no-cors
Sec-Fetch-Site: same-origin


GET /images/about-img.jpg HTTP/1.1
Host: 127.73.73.7:7681
User-Agent: Mozilla/5.0 (X11; Ubuntu; Linux x86_64; rv:109.0) Gecko/20100101 Firefox/119.0
Accept: image/avif,image/webp,*/*
Accept-Language: en-US,en;q=0.5
Accept-Encoding: gzip, deflate, br
Connection: keep-alive
Referer: http://127.73.73.7:7681/about.html
Sec-Fetch-Dest: image
Sec-Fetch-Mode: no-cors
Sec-Fetch-Site: same-origin


GET /js/custom.js HTTP/1.1
Host: 127.73.73.7:7681
User-Agent: Mozilla/5.0 (X11; Ubuntu; Linux x86_64; rv:109.0) Gecko/20100101 Firefox/119.0
Accept: */*
Accept-Language: en-US,en;q=0.5
Accept-Encoding: gzip, deflate, br
Connection: keep-alive
Referer: http://127.73.73.7:7681/about.html
Sec-Fetch-Dest: script
Sec-Fetch-Mode: no-cors
Sec-Fetch-Site: same-origin


GET /js/bootstrap.js HTTP/1.1
Host: 127.73.73.7:7681
User-Agent: Mozilla/5.0 (X11; Ubuntu; Linux x86_64; rv:109.0) Gecko/20100101 Firefox/119.0
Accept: */*
Accept-Language: en-US,en;q=0.5
Accept-Encoding: gzip, deflate, br
Connection: keep-alive
Referer: http://127.73.73.7:7681/about.html
Sec-Fetch-Dest: script
Sec-Fetch-Mode: no-cors
Sec-Fetch-Site: same-origin


GET /css/font-awesome.min.css HTTP/1.1
Host: 127.73.73.7:7681
User-Agent: Mozilla/5.0 (X11; Ubuntu; Linux x86_64; rv:109.0) Gecko/20100101 Firefox/119.0
Accept: text/css,*/*;q=0.1
Accept-Language: en-US,en;q=0.5
Accept-Encoding: gzip, deflate, br
Connection: keep-alive
Referer: http://127.73.73.7:7681/css/style.css
Sec-Fetch-Dest: style
Sec-Fetch-Mode: no-cors
Sec-Fetch-Site: same-origin


POST /cgi-bin/printrequest.py HTTP/1.1
Host: 127.73.73.7:7681
User-Agent: Mozilla/5.0 (X11; Ubuntu; Linux x86_64; rv:109.0) Gecko/20100101 Firefox/119.0
Accept: text/html,application/xhtml+xml,application/xml;q=0.9,image/avif,image/webp,*/*;q=0.8
Accept-Language: en-US,en;q=0.5
Accept-Encoding: gzip, deflate, br
Content-Type: text/plain
Content-Length: 49
Origin: http://127.73.73.7:7681
Connection: keep-alive
Referer: http://127.73.73.7:7681/about.html
Upgrade-Insecure-Requests: 1
Sec-Fetch-Dest: document
Sec-Fetch-Mode: navigate
Sec-Fetch-Site: same-origin
Sec-Fetch-User: ?1

user_input=Transfer-Encoding: chunked 0\r\n\r\n

ERROR: 50000000 | 49
GET /css/bootstrap.css HTTP/1.1
Host: 127.73.73.7:7681
User-Agent: Mozilla/5.0 (X11; Ubuntu; Linux x86_64; rv:109.0) Gecko/20100101 Firefox/119.0
Accept: text/css,*/*;q=0.1
Accept-Language: en-US,en;q=0.5
Accept-Encoding: gzip, deflate, br
Connection: keep-alive
Referer: http://127.73.73.7:7681/cgi-bin/printrequest.py
Sec-Fetch-Dest: style
Sec-Fetch-Mode: no-cors
Sec-Fetch-Site: same-origin


GET /css/style.css HTTP/1.1
Host: 127.73.73.7:7681
User-Agent: Mozilla/5.0 (X11; Ubuntu; Linux x86_64; rv:109.0) Gecko/20100101 Firefox/119.0
Accept: text/css,*/*;q=0.1
Accept-Language: en-US,en;q=0.5
Accept-Encoding: gzip, deflate, br
Connection: keep-alive
Referer: http://127.73.73.7:7681/cgi-bin/printrequest.py
Sec-Fetch-Dest: style
Sec-Fetch-Mode: no-cors
Sec-Fetch-Site: same-origin


GET /js/jquery-3.4.1.min.js HTTP/1.1
Host: 127.73.73.7:7681
User-Agent: Mozilla/5.0 (X11; Ubuntu; Linux x86_64; rv:109.0) Gecko/20100101 Firefox/119.0
Accept: */*
Accept-Language: en-US,en;q=0.5
Accept-Encoding: gzip, deflate, br
Connection: keep-alive
Referer: http://127.73.73.7:7681/cgi-bin/printrequest.py
Sec-Fetch-Dest: script
Sec-Fetch-Mode: no-cors
Sec-Fetch-Site: same-origin


GET /css/responsive.css HTTP/1.1
Host: 127.73.73.7:7681
User-Agent: Mozilla/5.0 (X11; Ubuntu; Linux x86_64; rv:109.0) Gecko/20100101 Firefox/119.0
Accept: text/css,*/*;q=0.1
Accept-Language: en-US,en;q=0.5
Accept-Encoding: gzip, deflate, br
Connection: keep-alive
Referer: http://127.73.73.7:7681/cgi-bin/printrequest.py
Sec-Fetch-Dest: style
Sec-Fetch-Mode: no-cors
Sec-Fetch-Site: same-origin


GET /js/bootstrap.js HTTP/1.1
Host: 127.73.73.7:7681
User-Agent: Mozilla/5.0 (X11; Ubuntu; Linux x86_64; rv:109.0) Gecko/20100101 Firefox/119.0
Accept: */*
Accept-Language: en-US,en;q=0.5
Accept-Encoding: gzip, deflate, br
Connection: keep-alive
Referer: http://127.73.73.7:7681/cgi-bin/printrequest.py
Sec-Fetch-Dest: script
Sec-Fetch-Mode: no-cors
Sec-Fetch-Site: same-origin


GET /js/custom.js HTTP/1.1
Host: 127.73.73.7:7681
User-Agent: Mozilla/5.0 (X11; Ubuntu; Linux x86_64; rv:109.0) Gecko/20100101 Firefox/119.0
Accept: */*
Accept-Language: en-US,en;q=0.5
Accept-Encoding: gzip, deflate, br
Connection: keep-alive
Referer: http://127.73.73.7:7681/cgi-bin/printrequest.py
Sec-Fetch-Dest: script
Sec-Fetch-Mode: no-cors
Sec-Fetch-Site: same-origin


GET /images/hero-bg.jpg HTTP/1.1
Host: 127.73.73.7:7681
User-Agent: Mozilla/5.0 (X11; Ubuntu; Linux x86_64; rv:109.0) Gecko/20100101 Firefox/119.0
Accept: image/avif,image/webp,*/*
Accept-Language: en-US,en;q=0.5
Accept-Encoding: gzip, deflate, br
Connection: keep-alive
Referer: http://127.73.73.7:7681/cgi-bin/printrequest.py
Sec-Fetch-Dest: image
Sec-Fetch-Mode: no-cors
Sec-Fetch-Site: same-origin


GET /css/font-awesome.min.css HTTP/1.1
Host: 127.73.73.7:7681
User-Agent: Mozilla/5.0 (X11; Ubuntu; Linux x86_64; rv:109.0) Gecko/20100101 Firefox/119.0
Accept: text/css,*/*;q=0.1
Accept-Language: en-US,en;q=0.5
Accept-Encoding: gzip, deflate, br
Connection: keep-alive
Referer: http://127.73.73.7:7681/css/style.css
Sec-Fetch-Dest: style
Sec-Fetch-Mode: no-cors
Sec-Fetch-Site: same-origin


GET /contact.html HTTP/1.1
Host: 127.73.73.7:7681
User-Agent: Mozilla/5.0 (X11; Ubuntu; Linux x86_64; rv:109.0) Gecko/20100101 Firefox/119.0
Accept: text/html,application/xhtml+xml,application/xml;q=0.9,image/avif,image/webp,*/*;q=0.8
Accept-Language: en-US,en;q=0.5
Accept-Encoding: gzip, deflate, br
Connection: keep-alive
Referer: http://127.73.73.7:7681/cgi-bin/printrequest.py
Upgrade-Insecure-Requests: 1
Sec-Fetch-Dest: document
Sec-Fetch-Mode: navigate
Sec-Fetch-Site: same-origin
Sec-Fetch-User: ?1


GET /css/bootstrap.css HTTP/1.1
Host: 127.73.73.7:7681
User-Agent: Mozilla/5.0 (X11; Ubuntu; Linux x86_64; rv:109.0) Gecko/20100101 Firefox/119.0
Accept: text/css,*/*;q=0.1
Accept-Language: en-US,en;q=0.5
Accept-Encoding: gzip, deflate, br
Connection: keep-alive
Referer: http://127.73.73.7:7681/contact.html
Sec-Fetch-Dest: style
Sec-Fetch-Mode: no-cors
Sec-Fetch-Site: same-origin


GET /css/style.css HTTP/1.1
Host: 127.73.73.7:7681
User-Agent: Mozilla/5.0 (X11; Ubuntu; Linux x86_64; rv:109.0) Gecko/20100101 Firefox/119.0
Accept: text/css,*/*;q=0.1
Accept-Language: en-US,en;q=0.5
Accept-Encoding: gzip, deflate, br
Connection: keep-alive
Referer: http://127.73.73.7:7681/contact.html
Sec-Fetch-Dest: style
Sec-Fetch-Mode: no-cors
Sec-Fetch-Site: same-origin


GET /css/responsive.css HTTP/1.1
Host: 127.73.73.7:7681
User-Agent: Mozilla/5.0 (X11; Ubuntu; Linux x86_64; rv:109.0) Gecko/20100101 Firefox/119.0
Accept: text/css,*/*;q=0.1
Accept-Language: en-US,en;q=0.5
Accept-Encoding: gzip, deflate, br
Connection: keep-alive
Referer: http://127.73.73.7:7681/contact.html
Sec-Fetch-Dest: style
Sec-Fetch-Mode: no-cors
Sec-Fetch-Site: same-origin


GET /js/bootstrap.js HTTP/1.1
Host: 127.73.73.7:7681
User-Agent: Mozilla/5.0 (X11; Ubuntu; Linux x86_64; rv:109.0) Gecko/20100101 Firefox/119.0
Accept: */*
Accept-Language: en-US,en;q=0.5
Accept-Encoding: gzip, deflate, br
Connection: keep-alive
Referer: http://127.73.73.7:7681/contact.html
Sec-Fetch-Dest: script
Sec-Fetch-Mode: no-cors
Sec-Fetch-Site: same-origin


GET /js/jquery-3.4.1.min.js HTTP/1.1
Host: 127.73.73.7:7681
User-Agent: Mozilla/5.0 (X11; Ubuntu; Linux x86_64; rv:109.0) Gecko/20100101 Firefox/119.0
Accept: */*
Accept-Language: en-US,en;q=0.5
Accept-Encoding: gzip, deflate, br
Connection: keep-alive
Referer: http://127.73.73.7:7681/contact.html
Sec-Fetch-Dest: script
Sec-Fetch-Mode: no-cors
Sec-Fetch-Site: same-origin


GET /js/custom.js HTTP/1.1
Host: 127.73.73.7:7681
User-Agent: Mozilla/5.0 (X11; Ubuntu; Linux x86_64; rv:109.0) Gecko/20100101 Firefox/119.0
Accept: */*
Accept-Language: en-US,en;q=0.5
Accept-Encoding: gzip, deflate, br
Connection: keep-alive
Referer: http://127.73.73.7:7681/contact.html
Sec-Fetch-Dest: script
Sec-Fetch-Mode: no-cors
Sec-Fetch-Site: same-origin


GET /images/hero-bg.jpg HTTP/1.1
Host: 127.73.73.7:7681
User-Agent: Mozilla/5.0 (X11; Ubuntu; Linux x86_64; rv:109.0) Gecko/20100101 Firefox/119.0
Accept: image/avif,image/webp,*/*
Accept-Language: en-US,en;q=0.5
Accept-Encoding: gzip, deflate, br
Connection: keep-alive
Referer: http://127.73.73.7:7681/contact.html
Sec-Fetch-Dest: image
Sec-Fetch-Mode: no-cors
Sec-Fetch-Site: same-origin


GET /images/contact-bg.jpg HTTP/1.1
Host: 127.73.73.7:7681
User-Agent: Mozilla/5.0 (X11; Ubuntu; Linux x86_64; rv:109.0) Gecko/20100101 Firefox/119.0
Accept: image/avif,image/webp,*/*
Accept-Language: en-US,en;q=0.5
Accept-Encoding: gzip, deflate, br
Connection: keep-alive
Referer: http://127.73.73.7:7681/contact.html
Sec-Fetch-Dest: image
Sec-Fetch-Mode: no-cors
Sec-Fetch-Site: same-origin


GET /css/font-awesome.min.css HTTP/1.1
Host: 127.73.73.7:7681
User-Agent: Mozilla/5.0 (X11; Ubuntu; Linux x86_64; rv:109.0) Gecko/20100101 Firefox/119.0
Accept: text/css,*/*;q=0.1
Accept-Language: en-US,en;q=0.5
Accept-Encoding: gzip, deflate, br
Connection: keep-alive
Referer: http://127.73.73.7:7681/css/style.css
Sec-Fetch-Dest: style
Sec-Fetch-Mode: no-cors
Sec-Fetch-Site: same-origin


GET /index.html HTTP/1.1
Host: 127.73.73.7:7681
User-Agent: Mozilla/5.0 (X11; Ubuntu; Linux x86_64; rv:109.0) Gecko/20100101 Firefox/119.0
Accept: text/html,application/xhtml+xml,application/xml;q=0.9,image/avif,image/webp,*/*;q=0.8
Accept-Language: en-US,en;q=0.5
Accept-Encoding: gzip, deflate, br
Connection: keep-alive
Referer: http://127.73.73.7:7681/contact.html
Upgrade-Insecure-Requests: 1
Sec-Fetch-Dest: document
Sec-Fetch-Mode: navigate
Sec-Fetch-Site: same-origin
Sec-Fetch-User: ?1


GET /css/bootstrap.css HTTP/1.1
Host: 127.73.73.7:7681
User-Agent: Mozilla/5.0 (X11; Ubuntu; Linux x86_64; rv:109.0) Gecko/20100101 Firefox/119.0
Accept: text/css,*/*;q=0.1
Accept-Language: en-US,en;q=0.5
Accept-Encoding: gzip, deflate, br
Connection: keep-alive
Referer: http://127.73.73.7:7681/index.html
Sec-Fetch-Dest: style
Sec-Fetch-Mode: no-cors
Sec-Fetch-Site: same-origin


GET /js/jquery-3.4.1.min.js HTTP/1.1
Host: 127.73.73.7:7681
User-Agent: Mozilla/5.0 (X11; Ubuntu; Linux x86_64; rv:109.0) Gecko/20100101 Firefox/119.0
Accept: */*
Accept-Language: en-US,en;q=0.5
Accept-Encoding: gzip, deflate, br
Connection: keep-alive
Referer: http://127.73.73.7:7681/index.html
Sec-Fetch-Dest: script
Sec-Fetch-Mode: no-cors
Sec-Fetch-Site: same-origin


GET /css/style.css HTTP/1.1
Host: 127.73.73.7:7681
User-Agent: Mozilla/5.0 (X11; Ubuntu; Linux x86_64; rv:109.0) Gecko/20100101 Firefox/119.0
Accept: text/css,*/*;q=0.1
Accept-Language: en-US,en;q=0.5
Accept-Encoding: gzip, deflate, br
Connection: keep-alive
Referer: http://127.73.73.7:7681/index.html
Sec-Fetch-Dest: style
Sec-Fetch-Mode: no-cors
Sec-Fetch-Site: same-origin


GET /css/responsive.css HTTP/1.1
Host: 127.73.73.7:7681
User-Agent: Mozilla/5.0 (X11; Ubuntu; Linux x86_64; rv:109.0) Gecko/20100101 Firefox/119.0
Accept: text/css,*/*;q=0.1
Accept-Language: en-US,en;q=0.5
Accept-Encoding: gzip, deflate, br
Connection: keep-alive
Referer: http://127.73.73.7:7681/index.html
Sec-Fetch-Dest: style
Sec-Fetch-Mode: no-cors
Sec-Fetch-Site: same-origin


GET /js/bootstrap.js HTTP/1.1
Host: 127.73.73.7:7681
User-Agent: Mozilla/5.0 (X11; Ubuntu; Linux x86_64; rv:109.0) Gecko/20100101 Firefox/119.0
Accept: */*
Accept-Language: en-US,en;q=0.5
Accept-Encoding: gzip, deflate, br
Connection: keep-alive
Referer: http://127.73.73.7:7681/index.html
Sec-Fetch-Dest: script
Sec-Fetch-Mode: no-cors
Sec-Fetch-Site: same-origin


GET /images/about-img.jpg HTTP/1.1
Host: 127.73.73.7:7681
User-Agent: Mozilla/5.0 (X11; Ubuntu; Linux x86_64; rv:109.0) Gecko/20100101 Firefox/119.0
Accept: image/avif,image/webp,*/*
Accept-Language: en-US,en;q=0.5
Accept-Encoding: gzip, deflate, br
Connection: keep-alive
Referer: http://127.73.73.7:7681/index.html
Sec-Fetch-Dest: image
Sec-Fetch-Mode: no-cors
Sec-Fetch-Site: same-origin


GET /images/client.png HTTP/1.1
Host: 127.73.73.7:7681
User-Agent: Mozilla/5.0 (X11; Ubuntu; Linux x86_64; rv:109.0) Gecko/20100101 Firefox/119.0
Accept: image/avif,image/webp,*/*
Accept-Language: en-US,en;q=0.5
Accept-Encoding: gzip, deflate, br
Connection: keep-alive
Referer: http://127.73.73.7:7681/index.html
Sec-Fetch-Dest: image
Sec-Fetch-Mode: no-cors
Sec-Fetch-Site: same-origin


GET /images/hero-bg.jpg HTTP/1.1
Host: 127.73.73.7:7681
User-Agent: Mozilla/5.0 (X11; Ubuntu; Linux x86_64; rv:109.0) Gecko/20100101 Firefox/119.0
Accept: image/avif,image/webp,*/*
Accept-Language: en-US,en;q=0.5
Accept-Encoding: gzip, deflate, br
Connection: keep-alive
Referer: http://127.73.73.7:7681/index.html
Sec-Fetch-Dest: image
Sec-Fetch-Mode: no-cors
Sec-Fetch-Site: same-origin


GET /js/custom.js HTTP/1.1
Host: 127.73.73.7:7681
User-Agent: Mozilla/5.0 (X11; Ubuntu; Linux x86_64; rv:109.0) Gecko/20100101 Firefox/119.0
Accept: */*
Accept-Language: en-US,en;q=0.5
Accept-Encoding: gzip, deflate, br
Connection: keep-alive
Referer: http://127.73.73.7:7681/index.html
Sec-Fetch-Dest: script
Sec-Fetch-Mode: no-cors
Sec-Fetch-Site: same-origin


GET /images/contact-bg.jpg HTTP/1.1
Host: 127.73.73.7:7681
User-Agent: Mozilla/5.0 (X11; Ubuntu; Linux x86_64; rv:109.0) Gecko/20100101 Firefox/119.0
Accept: image/avif,image/webp,*/*
Accept-Language: en-US,en;q=0.5
Accept-Encoding: gzip, deflate, br
Connection: keep-alive
Referer: http://127.73.73.7:7681/index.html
Sec-Fetch-Dest: image
Sec-Fetch-Mode: no-cors
Sec-Fetch-Site: same-origin


GET /images/mstiedl.jpg HTTP/1.1
Host: 127.73.73.7:7681
User-Agent: Mozilla/5.0 (X11; Ubuntu; Linux x86_64; rv:109.0) Gecko/20100101 Firefox/119.0
Accept: image/avif,image/webp,*/*
Accept-Language: en-US,en;q=0.5
Accept-Encoding: gzip, deflate, br
Connection: keep-alive
Referer: http://127.73.73.7:7681/index.html
Sec-Fetch-Dest: image
Sec-Fetch-Mode: no-cors
Sec-Fetch-Site: same-origin


GET /images/dcella-d.jpg HTTP/1.1
Host: 127.73.73.7:7681
User-Agent: Mozilla/5.0 (X11; Ubuntu; Linux x86_64; rv:109.0) Gecko/20100101 Firefox/119.0
Accept: image/avif,image/webp,*/*
Accept-Language: en-US,en;q=0.5
Accept-Encoding: gzip, deflate, br
Connection: keep-alive
Referer: http://127.73.73.7:7681/index.html
Sec-Fetch-Dest: image
Sec-Fetch-Mode: no-cors
Sec-Fetch-Site: same-origin


GET /images/jaiveca-.jpg HTTP/1.1
Host: 127.73.73.7:7681
User-Agent: Mozilla/5.0 (X11; Ubuntu; Linux x86_64; rv:109.0) Gecko/20100101 Firefox/119.0
Accept: image/avif,image/webp,*/*
Accept-Language: en-US,en;q=0.5
Accept-Encoding: gzip, deflate, br
Connection: keep-alive
Referer: http://127.73.73.7:7681/index.html
Sec-Fetch-Dest: image
Sec-Fetch-Mode: no-cors
Sec-Fetch-Site: same-origin


GET /css/font-awesome.min.css HTTP/1.1
Host: 127.73.73.7:7681
User-Agent: Mozilla/5.0 (X11; Ubuntu; Linux x86_64; rv:109.0) Gecko/20100101 Firefox/119.0
Accept: text/css,*/*;q=0.1
Accept-Language: en-US,en;q=0.5
Accept-Encoding: gzip, deflate, br
Connection: keep-alive
Referer: http://127.73.73.7:7681/css/style.css
Sec-Fetch-Dest: style
Sec-Fetch-Mode: no-cors
Sec-Fetch-Site: same-origin


GET /service.html HTTP/1.1
Host: 127.73.73.7:7681
User-Agent: Mozilla/5.0 (X11; Ubuntu; Linux x86_64; rv:109.0) Gecko/20100101 Firefox/119.0
Accept: text/html,application/xhtml+xml,application/xml;q=0.9,image/avif,image/webp,*/*;q=0.8
Accept-Language: en-US,en;q=0.5
Accept-Encoding: gzip, deflate, br
Connection: keep-alive
Referer: http://127.73.73.7:7681/index.html
Upgrade-Insecure-Requests: 1
Sec-Fetch-Dest: document
Sec-Fetch-Mode: navigate
Sec-Fetch-Site: same-origin
Sec-Fetch-User: ?1


GET /css/bootstrap.css HTTP/1.1
Host: 127.73.73.7:7681
User-Agent: Mozilla/5.0 (X11; Ubuntu; Linux x86_64; rv:109.0) Gecko/20100101 Firefox/119.0
Accept: text/css,*/*;q=0.1
Accept-Language: en-US,en;q=0.5
Accept-Encoding: gzip, deflate, br
Connection: keep-alive
Referer: http://127.73.73.7:7681/service.html
Sec-Fetch-Dest: style
Sec-Fetch-Mode: no-cors
Sec-Fetch-Site: same-origin


GET /css/style.css HTTP/1.1
Host: 127.73.73.7:7681
User-Agent: Mozilla/5.0 (X11; Ubuntu; Linux x86_64; rv:109.0) Gecko/20100101 Firefox/119.0
Accept: text/css,*/*;q=0.1
Accept-Language: en-US,en;q=0.5
Accept-Encoding: gzip, deflate, br
Connection: keep-alive
Referer: http://127.73.73.7:7681/service.html
Sec-Fetch-Dest: style
Sec-Fetch-Mode: no-cors
Sec-Fetch-Site: same-origin


GET /js/bootstrap.js HTTP/1.1
Host: 127.73.73.7:7681
User-Agent: Mozilla/5.0 (X11; Ubuntu; Linux x86_64; rv:109.0) Gecko/20100101 Firefox/119.0
Accept: */*
Accept-Language: en-US,en;q=0.5
Accept-Encoding: gzip, deflate, br
Connection: keep-alive
Referer: http://127.73.73.7:7681/service.html
Sec-Fetch-Dest: script
Sec-Fetch-Mode: no-cors
Sec-Fetch-Site: same-origin


GET /js/custom.js HTTP/1.1
Host: 127.73.73.7:7681
User-Agent: Mozilla/5.0 (X11; Ubuntu; Linux x86_64; rv:109.0) Gecko/20100101 Firefox/119.0
Accept: */*
Accept-Language: en-US,en;q=0.5
Accept-Encoding: gzip, deflate, br
Connection: keep-alive
Referer: http://127.73.73.7:7681/service.html
Sec-Fetch-Dest: script
Sec-Fetch-Mode: no-cors
Sec-Fetch-Site: same-origin


GET /css/responsive.css HTTP/1.1
Host: 127.73.73.7:7681
User-Agent: Mozilla/5.0 (X11; Ubuntu; Linux x86_64; rv:109.0) Gecko/20100101 Firefox/119.0
Accept: text/css,*/*;q=0.1
Accept-Language: en-US,en;q=0.5
Accept-Encoding: gzip, deflate, br
Connection: keep-alive
Referer: http://127.73.73.7:7681/service.html
Sec-Fetch-Dest: style
Sec-Fetch-Mode: no-cors
Sec-Fetch-Site: same-origin


GET /js/jquery-3.4.1.min.js HTTP/1.1
Host: 127.73.73.7:7681
User-Agent: Mozilla/5.0 (X11; Ubuntu; Linux x86_64; rv:109.0) Gecko/20100101 Firefox/119.0
Accept: */*
Accept-Language: en-US,en;q=0.5
Accept-Encoding: gzip, deflate, br
Connection: keep-alive
Referer: http://127.73.73.7:7681/service.html
Sec-Fetch-Dest: script
Sec-Fetch-Mode: no-cors
Sec-Fetch-Site: same-origin


GET /images/hero-bg.jpg HTTP/1.1
Host: 127.73.73.7:7681
User-Agent: Mozilla/5.0 (X11; Ubuntu; Linux x86_64; rv:109.0) Gecko/20100101 Firefox/119.0
Accept: image/avif,image/webp,*/*
Accept-Language: en-US,en;q=0.5
Accept-Encoding: gzip, deflate, br
Connection: keep-alive
Referer: http://127.73.73.7:7681/service.html
Sec-Fetch-Dest: image
Sec-Fetch-Mode: no-cors
Sec-Fetch-Site: same-origin


GET /css/font-awesome.min.css HTTP/1.1
Host: 127.73.73.7:7681
User-Agent: Mozilla/5.0 (X11; Ubuntu; Linux x86_64; rv:109.0) Gecko/20100101 Firefox/119.0
Accept: text/css,*/*;q=0.1
Accept-Language: en-US,en;q=0.5
Accept-Encoding: gzip, deflate, br
Connection: keep-alive
Referer: http://127.73.73.7:7681/css/style.css
Sec-Fetch-Dest: style
Sec-Fetch-Mode: no-cors
Sec-Fetch-Site: same-origin


GET /guard.html HTTP/1.1
Host: 127.73.73.7:7681
User-Agent: Mozilla/5.0 (X11; Ubuntu; Linux x86_64; rv:109.0) Gecko/20100101 Firefox/119.0
Accept: text/html,application/xhtml+xml,application/xml;q=0.9,image/avif,image/webp,*/*;q=0.8
Accept-Language: en-US,en;q=0.5
Accept-Encoding: gzip, deflate, br
Connection: keep-alive
Referer: http://127.73.73.7:7681/service.html
Upgrade-Insecure-Requests: 1
Sec-Fetch-Dest: document
Sec-Fetch-Mode: navigate
Sec-Fetch-Site: same-origin
Sec-Fetch-User: ?1


GET /css/bootstrap.css HTTP/1.1
Host: 127.73.73.7:7681
User-Agent: Mozilla/5.0 (X11; Ubuntu; Linux x86_64; rv:109.0) Gecko/20100101 Firefox/119.0
Accept: text/css,*/*;q=0.1
Accept-Language: en-US,en;q=0.5
Accept-Encoding: gzip, deflate, br
Connection: keep-alive
Referer: http://127.73.73.7:7681/guard.html
Sec-Fetch-Dest: style
Sec-Fetch-Mode: no-cors
Sec-Fetch-Site: same-origin


GET /css/style.css HTTP/1.1
Host: 127.73.73.7:7681
User-Agent: Mozilla/5.0 (X11; Ubuntu; Linux x86_64; rv:109.0) Gecko/20100101 Firefox/119.0
Accept: text/css,*/*;q=0.1
Accept-Language: en-US,en;q=0.5
Accept-Encoding: gzip, deflate, br
Connection: keep-alive
Referer: http://127.73.73.7:7681/guard.html
Sec-Fetch-Dest: style
Sec-Fetch-Mode: no-cors
Sec-Fetch-Site: same-origin


GET /css/responsive.css HTTP/1.1
Host: 127.73.73.7:7681
User-Agent: Mozilla/5.0 (X11; Ubuntu; Linux x86_64; rv:109.0) Gecko/20100101 Firefox/119.0
Accept: text/css,*/*;q=0.1
Accept-Language: en-US,en;q=0.5
Accept-Encoding: gzip, deflate, br
Connection: keep-alive
Referer: http://127.73.73.7:7681/guard.html
Sec-Fetch-Dest: style
Sec-Fetch-Mode: no-cors
Sec-Fetch-Site: same-origin


GET /js/jquery-3.4.1.min.js HTTP/1.1
Host: 127.73.73.7:7681
User-Agent: Mozilla/5.0 (X11; Ubuntu; Linux x86_64; rv:109.0) Gecko/20100101 Firefox/119.0
Accept: */*
Accept-Language: en-US,en;q=0.5
Accept-Encoding: gzip, deflate, br
Connection: keep-alive
Referer: http://127.73.73.7:7681/guard.html
Sec-Fetch-Dest: script
Sec-Fetch-Mode: no-cors
Sec-Fetch-Site: same-origin


GET /js/bootstrap.js HTTP/1.1
Host: 127.73.73.7:7681
User-Agent: Mozilla/5.0 (X11; Ubuntu; Linux x86_64; rv:109.0) Gecko/20100101 Firefox/119.0
Accept: */*
Accept-Language: en-US,en;q=0.5
Accept-Encoding: gzip, deflate, br
Connection: keep-alive
Referer: http://127.73.73.7:7681/guard.html
Sec-Fetch-Dest: script
Sec-Fetch-Mode: no-cors
Sec-Fetch-Site: same-origin


GET /js/custom.js HTTP/1.1
Host: 127.73.73.7:7681
User-Agent: Mozilla/5.0 (X11; Ubuntu; Linux x86_64; rv:109.0) Gecko/20100101 Firefox/119.0
Accept: */*
Accept-Language: en-US,en;q=0.5
Accept-Encoding: gzip, deflate, br
Connection: keep-alive
Referer: http://127.73.73.7:7681/guard.html
Sec-Fetch-Dest: script
Sec-Fetch-Mode: no-cors
Sec-Fetch-Site: same-origin


GET /images/hero-bg.jpg HTTP/1.1
Host: 127.73.73.7:7681
User-Agent: Mozilla/5.0 (X11; Ubuntu; Linux x86_64; rv:109.0) Gecko/20100101 Firefox/119.0
Accept: image/avif,image/webp,*/*
Accept-Language: en-US,en;q=0.5
Accept-Encoding: gzip, deflate, br
Connection: keep-alive
Referer: http://127.73.73.7:7681/guard.html
Sec-Fetch-Dest: image
Sec-Fetch-Mode: no-cors
Sec-Fetch-Site: same-origin


GET /css/font-awesome.min.css HTTP/1.1
Host: 127.73.73.7:7681
User-Agent: Mozilla/5.0 (X11; Ubuntu; Linux x86_64; rv:109.0) Gecko/20100101 Firefox/119.0
Accept: text/css,*/*;q=0.1
Accept-Language: en-US,en;q=0.5
Accept-Encoding: gzip, deflate, br
Connection: keep-alive
Referer: http://127.73.73.7:7681/css/style.css
Sec-Fetch-Dest: style
Sec-Fetch-Mode: no-cors
Sec-Fetch-Site: same-origin


GET /cgi-bin/gallery.py HTTP/1.1
Host: 127.73.73.7:7681
User-Agent: Mozilla/5.0 (X11; Ubuntu; Linux x86_64; rv:109.0) Gecko/20100101 Firefox/119.0
Accept: */*
Accept-Language: en-US,en;q=0.5
Accept-Encoding: gzip, deflate, br
Connection: keep-alive
Referer: http://127.73.73.7:7681/guard.html
Sec-Fetch-Dest: empty
Sec-Fetch-Mode: cors
Sec-Fetch-Site: same-origin


GET /about.html HTTP/1.1
Host: 127.73.73.7:7681
User-Agent: Mozilla/5.0 (X11; Ubuntu; Linux x86_64; rv:109.0) Gecko/20100101 Firefox/119.0
Accept: text/html,application/xhtml+xml,application/xml;q=0.9,image/avif,image/webp,*/*;q=0.8
Accept-Language: en-US,en;q=0.5
Accept-Encoding: gzip, deflate, br
Connection: keep-alive
Referer: http://127.73.73.7:7681/guard.html
Upgrade-Insecure-Requests: 1
Sec-Fetch-Dest: document
Sec-Fetch-Mode: navigate
Sec-Fetch-Site: same-origin
Sec-Fetch-User: ?1


GET /css/bootstrap.css HTTP/1.1
Host: 127.73.73.7:7681
User-Agent: Mozilla/5.0 (X11; Ubuntu; Linux x86_64; rv:109.0) Gecko/20100101 Firefox/119.0
Accept: text/css,*/*;q=0.1
Accept-Language: en-US,en;q=0.5
Accept-Encoding: gzip, deflate, br
Connection: keep-alive
Referer: http://127.73.73.7:7681/about.html
Sec-Fetch-Dest: style
Sec-Fetch-Mode: no-cors
Sec-Fetch-Site: same-origin


GET /css/style.css HTTP/1.1
Host: 127.73.73.7:7681
User-Agent: Mozilla/5.0 (X11; Ubuntu; Linux x86_64; rv:109.0) Gecko/20100101 Firefox/119.0
Accept: text/css,*/*;q=0.1
Accept-Language: en-US,en;q=0.5
Accept-Encoding: gzip, deflate, br
Connection: keep-alive
Referer: http://127.73.73.7:7681/about.html
Sec-Fetch-Dest: style
Sec-Fetch-Mode: no-cors
Sec-Fetch-Site: same-origin


GET /css/responsive.css HTTP/1.1
Host: 127.73.73.7:7681
User-Agent: Mozilla/5.0 (X11; Ubuntu; Linux x86_64; rv:109.0) Gecko/20100101 Firefox/119.0
Accept: text/css,*/*;q=0.1
Accept-Language: en-US,en;q=0.5
Accept-Encoding: gzip, deflate, br
Connection: keep-alive
Referer: http://127.73.73.7:7681/about.html
Sec-Fetch-Dest: style
Sec-Fetch-Mode: no-cors
Sec-Fetch-Site: same-origin


GET /js/jquery-3.4.1.min.js HTTP/1.1
Host: 127.73.73.7:7681
User-Agent: Mozilla/5.0 (X11; Ubuntu; Linux x86_64; rv:109.0) Gecko/20100101 Firefox/119.0
Accept: */*
Accept-Language: en-US,en;q=0.5
Accept-Encoding: gzip, deflate, br
Connection: keep-alive
Referer: http://127.73.73.7:7681/about.html
Sec-Fetch-Dest: script
Sec-Fetch-Mode: no-cors
Sec-Fetch-Site: same-origin


GET /js/bootstrap.js HTTP/1.1
Host: 127.73.73.7:7681
User-Agent: Mozilla/5.0 (X11; Ubuntu; Linux x86_64; rv:109.0) Gecko/20100101 Firefox/119.0
Accept: */*
Accept-Language: en-US,en;q=0.5
Accept-Encoding: gzip, deflate, br
Connection: keep-alive
Referer: http://127.73.73.7:7681/about.html
Sec-Fetch-Dest: script
Sec-Fetch-Mode: no-cors
Sec-Fetch-Site: same-origin


GET /images/hero-bg.jpg HTTP/1.1
Host: 127.73.73.7:7681
User-Agent: Mozilla/5.0 (X11; Ubuntu; Linux x86_64; rv:109.0) Gecko/20100101 Firefox/119.0
Accept: image/avif,image/webp,*/*
Accept-Language: en-US,en;q=0.5
Accept-Encoding: gzip, deflate, br
Connection: keep-alive
Referer: http://127.73.73.7:7681/about.html
Sec-Fetch-Dest: image
Sec-Fetch-Mode: no-cors
Sec-Fetch-Site: same-origin


GET /js/custom.js HTTP/1.1
Host: 127.73.73.7:7681
User-Agent: Mozilla/5.0 (X11; Ubuntu; Linux x86_64; rv:109.0) Gecko/20100101 Firefox/119.0
Accept: */*
Accept-Language: en-US,en;q=0.5
Accept-Encoding: gzip, deflate, br
Connection: keep-alive
Referer: http://127.73.73.7:7681/about.html
Sec-Fetch-Dest: script
Sec-Fetch-Mode: no-cors
Sec-Fetch-Site: same-origin


GET /images/about-img.jpg HTTP/1.1
Host: 127.73.73.7:7681
User-Agent: Mozilla/5.0 (X11; Ubuntu; Linux x86_64; rv:109.0) Gecko/20100101 Firefox/119.0
Accept: image/avif,image/webp,*/*
Accept-Language: en-US,en;q=0.5
Accept-Encoding: gzip, deflate, br
Connection: keep-alive
Referer: http://127.73.73.7:7681/about.html
Sec-Fetch-Dest: image
Sec-Fetch-Mode: no-cors
Sec-Fetch-Site: same-origin


GET /css/font-awesome.min.css HTTP/1.1
Host: 127.73.73.7:7681
User-Agent: Mozilla/5.0 (X11; Ubuntu; Linux x86_64; rv:109.0) Gecko/20100101 Firefox/119.0
Accept: text/css,*/*;q=0.1
Accept-Language: en-US,en;q=0.5
Accept-Encoding: gzip, deflate, br
Connection: keep-alive
Referer: http://127.73.73.7:7681/css/style.css
Sec-Fetch-Dest: style
Sec-Fetch-Mode: no-cors
Sec-Fetch-Site: same-origin


POST /cgi-bin/printrequest.py HTTP/1.1
Host: 127.73.73.7:7681
User-Agent: Mozilla/5.0 (X11; Ubuntu; Linux x86_64; rv:109.0) Gecko/20100101 Firefox/119.0
Accept: text/html,application/xhtml+xml,application/xml;q=0.9,image/avif,image/webp,*/*;q=0.8
Accept-Language: en-US,en;q=0.5
Accept-Encoding: gzip, deflate, br
Content-Type: text/plain
Content-Length: 49
Origin: http://127.73.73.7:7681
Connection: keep-alive
Referer: http://127.73.73.7:7681/about.html
Upgrade-Insecure-Requests: 1
Sec-Fetch-Dest: document
Sec-Fetch-Mode: navigate
Sec-Fetch-Site: same-origin
Sec-Fetch-User: ?1

user_input=Transfer-Encoding: chunked 0\r\n\r\n

ERROR: 50000000 | 49
GET /css/bootstrap.css HTTP/1.1
Host: 127.73.73.7:7681
User-Agent: Mozilla/5.0 (X11; Ubuntu; Linux x86_64; rv:109.0) Gecko/20100101 Firefox/119.0
Accept: text/css,*/*;q=0.1
Accept-Language: en-US,en;q=0.5
Accept-Encoding: gzip, deflate, br
Connection: keep-alive
Referer: http://127.73.73.7:7681/cgi-bin/printrequest.py
Sec-Fetch-Dest: style
Sec-Fetch-Mode: no-cors
Sec-Fetch-Site: same-origin


GET /css/style.css HTTP/1.1
Host: 127.73.73.7:7681
User-Agent: Mozilla/5.0 (X11; Ubuntu; Linux x86_64; rv:109.0) Gecko/20100101 Firefox/119.0
Accept: text/css,*/*;q=0.1
Accept-Language: en-US,en;q=0.5
Accept-Encoding: gzip, deflate, br
Connection: keep-alive
Referer: http://127.73.73.7:7681/cgi-bin/printrequest.py
Sec-Fetch-Dest: style
Sec-Fetch-Mode: no-cors
Sec-Fetch-Site: same-origin


GET /css/responsive.css HTTP/1.1
Host: 127.73.73.7:7681
User-Agent: Mozilla/5.0 (X11; Ubuntu; Linux x86_64; rv:109.0) Gecko/20100101 Firefox/119.0
Accept: text/css,*/*;q=0.1
Accept-Language: en-US,en;q=0.5
Accept-Encoding: gzip, deflate, br
Connection: keep-alive
Referer: http://127.73.73.7:7681/cgi-bin/printrequest.py
Sec-Fetch-Dest: style
Sec-Fetch-Mode: no-cors
Sec-Fetch-Site: same-origin


GET /js/jquery-3.4.1.min.js HTTP/1.1
Host: 127.73.73.7:7681
User-Agent: Mozilla/5.0 (X11; Ubuntu; Linux x86_64; rv:109.0) Gecko/20100101 Firefox/119.0
Accept: */*
Accept-Language: en-US,en;q=0.5
Accept-Encoding: gzip, deflate, br
Connection: keep-alive
Referer: http://127.73.73.7:7681/cgi-bin/printrequest.py
Sec-Fetch-Dest: script
Sec-Fetch-Mode: no-cors
Sec-Fetch-Site: same-origin


GET /js/bootstrap.js HTTP/1.1
Host: 127.73.73.7:7681
User-Agent: Mozilla/5.0 (X11; Ubuntu; Linux x86_64; rv:109.0) Gecko/20100101 Firefox/119.0
Accept: */*
Accept-Language: en-US,en;q=0.5
Accept-Encoding: gzip, deflate, br
Connection: keep-alive
Referer: http://127.73.73.7:7681/cgi-bin/printrequest.py
Sec-Fetch-Dest: script
Sec-Fetch-Mode: no-cors
Sec-Fetch-Site: same-origin


GET /js/custom.js HTTP/1.1
Host: 127.73.73.7:7681
User-Agent: Mozilla/5.0 (X11; Ubuntu; Linux x86_64; rv:109.0) Gecko/20100101 Firefox/119.0
Accept: */*
Accept-Language: en-US,en;q=0.5
Accept-Encoding: gzip, deflate, br
Connection: keep-alive
Referer: http://127.73.73.7:7681/cgi-bin/printrequest.py
Sec-Fetch-Dest: script
Sec-Fetch-Mode: no-cors
Sec-Fetch-Site: same-origin


GET /images/hero-bg.jpg HTTP/1.1
Host: 127.73.73.7:7681
User-Agent: Mozilla/5.0 (X11; Ubuntu; Linux x86_64; rv:109.0) Gecko/20100101 Firefox/119.0
Accept: image/avif,image/webp,*/*
Accept-Language: en-US,en;q=0.5
Accept-Encoding: gzip, deflate, br
Connection: keep-alive
Referer: http://127.73.73.7:7681/cgi-bin/printrequest.py
Sec-Fetch-Dest: image
Sec-Fetch-Mode: no-cors
Sec-Fetch-Site: same-origin


GET /css/font-awesome.min.css HTTP/1.1
Host: 127.73.73.7:7681
User-Agent: Mozilla/5.0 (X11; Ubuntu; Linux x86_64; rv:109.0) Gecko/20100101 Firefox/119.0
Accept: text/css,*/*;q=0.1
Accept-Language: en-US,en;q=0.5
Accept-Encoding: gzip, deflate, br
Connection: keep-alive
Referer: http://127.73.73.7:7681/css/style.css
Sec-Fetch-Dest: style
Sec-Fetch-Mode: no-cors
Sec-Fetch-Site: same-origin


GET /service.html HTTP/1.1
Host: 127.73.73.7:7681
User-Agent: Mozilla/5.0 (X11; Ubuntu; Linux x86_64; rv:109.0) Gecko/20100101 Firefox/119.0
Accept: text/html,application/xhtml+xml,application/xml;q=0.9,image/avif,image/webp,*/*;q=0.8
Accept-Language: en-US,en;q=0.5
Accept-Encoding: gzip, deflate, br
Connection: keep-alive
Referer: http://127.73.73.7:7681/cgi-bin/printrequest.py
Upgrade-Insecure-Requests: 1
Sec-Fetch-Dest: document
Sec-Fetch-Mode: navigate
Sec-Fetch-Site: same-origin
Sec-Fetch-User: ?1


GET /css/bootstrap.css HTTP/1.1
Host: 127.73.73.7:7681
User-Agent: Mozilla/5.0 (X11; Ubuntu; Linux x86_64; rv:109.0) Gecko/20100101 Firefox/119.0
Accept: text/css,*/*;q=0.1
Accept-Language: en-US,en;q=0.5
Accept-Encoding: gzip, deflate, br
Connection: keep-alive
Referer: http://127.73.73.7:7681/service.html
Sec-Fetch-Dest: style
Sec-Fetch-Mode: no-cors
Sec-Fetch-Site: same-origin


GET /css/style.css HTTP/1.1
Host: 127.73.73.7:7681
User-Agent: Mozilla/5.0 (X11; Ubuntu; Linux x86_64; rv:109.0) Gecko/20100101 Firefox/119.0
Accept: text/css,*/*;q=0.1
Accept-Language: en-US,en;q=0.5
Accept-Encoding: gzip, deflate, br
Connection: keep-alive
Referer: http://127.73.73.7:7681/service.html
Sec-Fetch-Dest: style
Sec-Fetch-Mode: no-cors
Sec-Fetch-Site: same-origin


GET /css/responsive.css HTTP/1.1
Host: 127.73.73.7:7681
User-Agent: Mozilla/5.0 (X11; Ubuntu; Linux x86_64; rv:109.0) Gecko/20100101 Firefox/119.0
Accept: text/css,*/*;q=0.1
Accept-Language: en-US,en;q=0.5
Accept-Encoding: gzip, deflate, br
Connection: keep-alive
Referer: http://127.73.73.7:7681/service.html
Sec-Fetch-Dest: style
Sec-Fetch-Mode: no-cors
Sec-Fetch-Site: same-origin


GET /js/jquery-3.4.1.min.js HTTP/1.1
Host: 127.73.73.7:7681
User-Agent: Mozilla/5.0 (X11; Ubuntu; Linux x86_64; rv:109.0) Gecko/20100101 Firefox/119.0
Accept: */*
Accept-Language: en-US,en;q=0.5
Accept-Encoding: gzip, deflate, br
Connection: keep-alive
Referer: http://127.73.73.7:7681/service.html
Sec-Fetch-Dest: script
Sec-Fetch-Mode: no-cors
Sec-Fetch-Site: same-origin


GET /js/bootstrap.js HTTP/1.1
Host: 127.73.73.7:7681
User-Agent: Mozilla/5.0 (X11; Ubuntu; Linux x86_64; rv:109.0) Gecko/20100101 Firefox/119.0
Accept: */*
Accept-Language: en-US,en;q=0.5
Accept-Encoding: gzip, deflate, br
Connection: keep-alive
Referer: http://127.73.73.7:7681/service.html
Sec-Fetch-Dest: script
Sec-Fetch-Mode: no-cors
Sec-Fetch-Site: same-origin


GET /js/custom.js HTTP/1.1
Host: 127.73.73.7:7681
User-Agent: Mozilla/5.0 (X11; Ubuntu; Linux x86_64; rv:109.0) Gecko/20100101 Firefox/119.0
Accept: */*
Accept-Language: en-US,en;q=0.5
Accept-Encoding: gzip, deflate, br
Connection: keep-alive
Referer: http://127.73.73.7:7681/service.html
Sec-Fetch-Dest: script
Sec-Fetch-Mode: no-cors
Sec-Fetch-Site: same-origin


GET /images/hero-bg.jpg HTTP/1.1
Host: 127.73.73.7:7681
User-Agent: Mozilla/5.0 (X11; Ubuntu; Linux x86_64; rv:109.0) Gecko/20100101 Firefox/119.0
Accept: image/avif,image/webp,*/*
Accept-Language: en-US,en;q=0.5
Accept-Encoding: gzip, deflate, br
Connection: keep-alive
Referer: http://127.73.73.7:7681/service.html
Sec-Fetch-Dest: image
Sec-Fetch-Mode: no-cors
Sec-Fetch-Site: same-origin


GET /css/font-awesome.min.css HTTP/1.1
Host: 127.73.73.7:7681
User-Agent: Mozilla/5.0 (X11; Ubuntu; Linux x86_64; rv:109.0) Gecko/20100101 Firefox/119.0
Accept: text/css,*/*;q=0.1
Accept-Language: en-US,en;q=0.5
Accept-Encoding: gzip, deflate, br
Connection: keep-alive
Referer: http://127.73.73.7:7681/css/style.css
Sec-Fetch-Dest: style
Sec-Fetch-Mode: no-cors
Sec-Fetch-Site: same-origin


GET /about.html HTTP/1.1
Host: 127.73.73.7:7681
User-Agent: Mozilla/5.0 (X11; Ubuntu; Linux x86_64; rv:109.0) Gecko/20100101 Firefox/119.0
Accept: text/html,application/xhtml+xml,application/xml;q=0.9,image/avif,image/webp,*/*;q=0.8
Accept-Language: en-US,en;q=0.5
Accept-Encoding: gzip, deflate, br
Connection: keep-alive
Referer: http://127.73.73.7:7681/service.html
Upgrade-Insecure-Requests: 1
Sec-Fetch-Dest: document
Sec-Fetch-Mode: navigate
Sec-Fetch-Site: same-origin
Sec-Fetch-User: ?1


GET /css/bootstrap.css HTTP/1.1
Host: 127.73.73.7:7681
User-Agent: Mozilla/5.0 (X11; Ubuntu; Linux x86_64; rv:109.0) Gecko/20100101 Firefox/119.0
Accept: text/css,*/*;q=0.1
Accept-Language: en-US,en;q=0.5
Accept-Encoding: gzip, deflate, br
Connection: keep-alive
Referer: http://127.73.73.7:7681/about.html
Sec-Fetch-Dest: style
Sec-Fetch-Mode: no-cors
Sec-Fetch-Site: same-origin


GET /css/style.css HTTP/1.1
Host: 127.73.73.7:7681
User-Agent: Mozilla/5.0 (X11; Ubuntu; Linux x86_64; rv:109.0) Gecko/20100101 Firefox/119.0
Accept: text/css,*/*;q=0.1
Accept-Language: en-US,en;q=0.5
Accept-Encoding: gzip, deflate, br
Connection: keep-alive
Referer: http://127.73.73.7:7681/about.html
Sec-Fetch-Dest: style
Sec-Fetch-Mode: no-cors
Sec-Fetch-Site: same-origin


GET /css/responsive.css HTTP/1.1
Host: 127.73.73.7:7681
User-Agent: Mozilla/5.0 (X11; Ubuntu; Linux x86_64; rv:109.0) Gecko/20100101 Firefox/119.0
Accept: text/css,*/*;q=0.1
Accept-Language: en-US,en;q=0.5
Accept-Encoding: gzip, deflate, br
Connection: keep-alive
Referer: http://127.73.73.7:7681/about.html
Sec-Fetch-Dest: style
Sec-Fetch-Mode: no-cors
Sec-Fetch-Site: same-origin


GET /images/hero-bg.jpg HTTP/1.1
Host: 127.73.73.7:7681
User-Agent: Mozilla/5.0 (X11; Ubuntu; Linux x86_64; rv:109.0) Gecko/20100101 Firefox/119.0
Accept: image/avif,image/webp,*/*
Accept-Language: en-US,en;q=0.5
Accept-Encoding: gzip, deflate, br
Connection: keep-alive
Referer: http://127.73.73.7:7681/about.html
Sec-Fetch-Dest: image
Sec-Fetch-Mode: no-cors
Sec-Fetch-Site: same-origin


GET /images/about-img.jpg HTTP/1.1
Host: 127.73.73.7:7681
User-Agent: Mozilla/5.0 (X11; Ubuntu; Linux x86_64; rv:109.0) Gecko/20100101 Firefox/119.0
Accept: image/avif,image/webp,*/*
Accept-Language: en-US,en;q=0.5
Accept-Encoding: gzip, deflate, br
Connection: keep-alive
Referer: http://127.73.73.7:7681/about.html
Sec-Fetch-Dest: image
Sec-Fetch-Mode: no-cors
Sec-Fetch-Site: same-origin


GET /js/jquery-3.4.1.min.js HTTP/1.1
Host: 127.73.73.7:7681
User-Agent: Mozilla/5.0 (X11; Ubuntu; Linux x86_64; rv:109.0) Gecko/20100101 Firefox/119.0
Accept: */*
Accept-Language: en-US,en;q=0.5
Accept-Encoding: gzip, deflate, br
Connection: keep-alive
Referer: http://127.73.73.7:7681/about.html
Sec-Fetch-Dest: script
Sec-Fetch-Mode: no-cors
Sec-Fetch-Site: same-origin


GET /js/bootstrap.js HTTP/1.1
Host: 127.73.73.7:7681
User-Agent: Mozilla/5.0 (X11; Ubuntu; Linux x86_64; rv:109.0) Gecko/20100101 Firefox/119.0
Accept: */*
Accept-Language: en-US,en;q=0.5
Accept-Encoding: gzip, deflate, br
Connection: keep-alive
Referer: http://127.73.73.7:7681/about.html
Sec-Fetch-Dest: script
Sec-Fetch-Mode: no-cors
Sec-Fetch-Site: same-origin


GET /js/custom.js HTTP/1.1
Host: 127.73.73.7:7681
User-Agent: Mozilla/5.0 (X11; Ubuntu; Linux x86_64; rv:109.0) Gecko/20100101 Firefox/119.0
Accept: */*
Accept-Language: en-US,en;q=0.5
Accept-Encoding: gzip, deflate, br
Connection: keep-alive
Referer: http://127.73.73.7:7681/about.html
Sec-Fetch-Dest: script
Sec-Fetch-Mode: no-cors
Sec-Fetch-Site: same-origin


GET /css/font-awesome.min.css HTTP/1.1
Host: 127.73.73.7:7681
User-Agent: Mozilla/5.0 (X11; Ubuntu; Linux x86_64; rv:109.0) Gecko/20100101 Firefox/119.0
Accept: text/css,*/*;q=0.1
Accept-Language: en-US,en;q=0.5
Accept-Encoding: gzip, deflate, br
Connection: keep-alive
Referer: http://127.73.73.7:7681/css/style.css
Sec-Fetch-Dest: style
Sec-Fetch-Mode: no-cors
Sec-Fetch-Site: same-origin


POST /cgi-bin/printrequest.py HTTP/1.1
Host: 127.73.73.7:7681
User-Agent: Mozilla/5.0 (X11; Ubuntu; Linux x86_64; rv:109.0) Gecko/20100101 Firefox/119.0
Accept: text/html,application/xhtml+xml,application/xml;q=0.9,image/avif,image/webp,*/*;q=0.8
Accept-Language: en-US,en;q=0.5
Accept-Encoding: gzip, deflate, br
Content-Type: text/plain
Content-Length: 49
Origin: http://127.73.73.7:7681
Connection: keep-alive
Referer: http://127.73.73.7:7681/about.html
Upgrade-Insecure-Requests: 1
Sec-Fetch-Dest: document
Sec-Fetch-Mode: navigate
Sec-Fetch-Site: same-origin
Sec-Fetch-User: ?1

user_input=Transfer-Encoding: chunked 0\r\n\r\n

ERROR: 50000000 | 49
GET /css/style.css HTTP/1.1
Host: 127.73.73.7:7681
User-Agent: Mozilla/5.0 (X11; Ubuntu; Linux x86_64; rv:109.0) Gecko/20100101 Firefox/119.0
Accept: text/css,*/*;q=0.1
Accept-Language: en-US,en;q=0.5
Accept-Encoding: gzip, deflate, br
Connection: keep-alive
Referer: http://127.73.73.7:7681/cgi-bin/printrequest.py
Sec-Fetch-Dest: style
Sec-Fetch-Mode: no-cors
Sec-Fetch-Site: same-origin


GET /css/responsive.css HTTP/1.1
Host: 127.73.73.7:7681
User-Agent: Mozilla/5.0 (X11; Ubuntu; Linux x86_64; rv:109.0) Gecko/20100101 Firefox/119.0
Accept: text/css,*/*;q=0.1
Accept-Language: en-US,en;q=0.5
Accept-Encoding: gzip, deflate, br
Connection: keep-alive
Referer: http://127.73.73.7:7681/cgi-bin/printrequest.py
Sec-Fetch-Dest: style
Sec-Fetch-Mode: no-cors
Sec-Fetch-Site: same-origin


GET /js/jquery-3.4.1.min.js HTTP/1.1
Host: 127.73.73.7:7681
User-Agent: Mozilla/5.0 (X11; Ubuntu; Linux x86_64; rv:109.0) Gecko/20100101 Firefox/119.0
Accept: */*
Accept-Language: en-US,en;q=0.5
Accept-Encoding: gzip, deflate, br
Connection: keep-alive
Referer: http://127.73.73.7:7681/cgi-bin/printrequest.py
Sec-Fetch-Dest: script
Sec-Fetch-Mode: no-cors
Sec-Fetch-Site: same-origin


GET /js/bootstrap.js HTTP/1.1
Host: 127.73.73.7:7681
User-Agent: Mozilla/5.0 (X11; Ubuntu; Linux x86_64; rv:109.0) Gecko/20100101 Firefox/119.0
Accept: */*
Accept-Language: en-US,en;q=0.5
Accept-Encoding: gzip, deflate, br
Connection: keep-alive
Referer: http://127.73.73.7:7681/cgi-bin/printrequest.py
Sec-Fetch-Dest: script
Sec-Fetch-Mode: no-cors
Sec-Fetch-Site: same-origin


GET /js/custom.js HTTP/1.1
Host: 127.73.73.7:7681
User-Agent: Mozilla/5.0 (X11; Ubuntu; Linux x86_64; rv:109.0) Gecko/20100101 Firefox/119.0
Accept: */*
Accept-Language: en-US,en;q=0.5
Accept-Encoding: gzip, deflate, br
Connection: keep-alive
Referer: http://127.73.73.7:7681/cgi-bin/printrequest.py
Sec-Fetch-Dest: script
Sec-Fetch-Mode: no-cors
Sec-Fetch-Site: same-origin


GET /images/hero-bg.jpg HTTP/1.1
Host: 127.73.73.7:7681
User-Agent: Mozilla/5.0 (X11; Ubuntu; Linux x86_64; rv:109.0) Gecko/20100101 Firefox/119.0
Accept: image/avif,image/webp,*/*
Accept-Language: en-US,en;q=0.5
Accept-Encoding: gzip, deflate, br
Connection: keep-alive
Referer: http://127.73.73.7:7681/cgi-bin/printrequest.py
Sec-Fetch-Dest: image
Sec-Fetch-Mode: no-cors
Sec-Fetch-Site: same-origin


GET /css/bootstrap.css HTTP/1.1
Host: 127.73.73.7:7681
User-Agent: Mozilla/5.0 (X11; Ubuntu; Linux x86_64; rv:109.0) Gecko/20100101 Firefox/119.0
Accept: text/css,*/*;q=0.1
Accept-Language: en-US,en;q=0.5
Accept-Encoding: gzip, deflate, br
Connection: keep-alive
Referer: http://127.73.73.7:7681/cgi-bin/printrequest.py
Sec-Fetch-Dest: style
Sec-Fetch-Mode: no-cors
Sec-Fetch-Site: same-origin


GET /css/font-awesome.min.css HTTP/1.1
Host: 127.73.73.7:7681
User-Agent: Mozilla/5.0 (X11; Ubuntu; Linux x86_64; rv:109.0) Gecko/20100101 Firefox/119.0
Accept: text/css,*/*;q=0.1
Accept-Language: en-US,en;q=0.5
Accept-Encoding: gzip, deflate, br
Connection: keep-alive
Referer: http://127.73.73.7:7681/css/style.css
Sec-Fetch-Dest: style
Sec-Fetch-Mode: no-cors
Sec-Fetch-Site: same-origin


